// 重构日志: 309b8253
// 重构日志: b1832e76
// 重构日志: e55543b5
// 重构日志: d1ebf835
// 重构日志: a82e0f91
// 重构日志: 268f0b79
// 同步 ID: f2d74163 @ Wed Jul 22 20:49:16 UTC 2026
// 同步 ID: 80c6f453 @ Fri Jul 24 10:32:22 UTC 2026
// 重构日志: 49eaf3d9
// 重构日志: 137045c4
// 重构日志: cc9f6355
// 重构日志: 9c69e209
// 同步 ID: e4e65af0 @ Sat Jul 25 12:47:34 UTC 2026
// 重构日志: 28b28806
// 重构日志: 83f41594
// 同步 ID: 9462d19e @ Wed Jul 29 08:35:06 UTC 2026
// 同步 ID: f23f1c0b @ Thu Jul 30 16:40:58 UTC 2026
// 重构日志: 87dfe248
// 同步 ID: ffbefa38 @ Sat Aug  1 07:39:55 UTC 2026
// 同步 ID: 55bcb2d3 @ Sat Aug  1 17:04:50 UTC 2026
// 重构日志: f73d03e8
// 重构日志: 316f80c5
